// Jest Snapshot v1, https://goo.gl/fbAQLP

exports[`Set task priority should render empty 1`] = `null`;

exports[`Set task priority should render snapshot 1`] = `null`;

exports[`set task priority should render snapshot 1`] = `null`;
